// Jest Snapshot v1, https://goo.gl/fbAQLP

exports[`fluent sql tests SqlJoin tests should throw error if it is not constructed from a SqlColumn 1`] = `"trying to join on something not a SqlColumn"`;

exports[`fluent sql tests SqlJoin tests should throw error if it is not linked via using with a SqlColumn 1`] = `"trying to join on something not a SqlColumn"`;
